../Core/Src/main.c:89:6:HAL_TIM_PWM_PulseFinishedCallback	16	static
../Core/Src/main.c:99:6:Set_LED	40	static
../Core/Src/main.c:112:6:Set_Brightness	16	static
../Core/Src/main.c:134:6:WS2812_Send	32	static
../Core/Src/main.c:182:6:Reset_LED	16	static
../Core/Src/main.c:205:5:main	8	static
../Core/Src/main.c:298:6:SystemClock_Config_HSE	96	static
../Core/Src/main.c:386:13:MX_CAN1_Init	8	static
../Core/Src/main.c:429:13:MX_TIM1_Init	96	static
../Core/Src/main.c:508:13:MX_TIM2_Init	64	static
../Core/Src/main.c:571:13:MX_TIM6_Init	16	static
../Core/Src/main.c:610:13:MX_DMA_Init	16	static
../Core/Src/main.c:638:13:MX_GPIO_Init	40	static
../Core/Src/main.c:660:6:Set_LEDs_ByState	24	static
../Core/Src/main.c:707:6:CAN1_Tx	40	static
../Core/Src/main.c:735:6:CAN_Filter_Config	48	static
../Core/Src/main.c:761:6:HAL_CAN_TxMailbox0CompleteCallback	72	static
../Core/Src/main.c:774:6:HAL_CAN_TxMailbox1CompleteCallback	72	static
../Core/Src/main.c:787:6:HAL_CAN_TxMailbox2CompleteCallback	72	static
../Core/Src/main.c:800:6:HAL_CAN_RxFifo0MsgPendingCallback	144	static
../Core/Src/main.c:836:6:HAL_TIM_PeriodElapsedCallback	16	static
../Core/Src/main.c:847:6:Error_Handler	4	static,ignoring_inline_asm
