../Core/Src/main_app.c:36:5:main	8	static
../Core/Src/main_app.c:67:6:SystemClock_Config_HSE	96	static
../Core/Src/main_app.c:154:6:CAN1_Tx	40	static
../Core/Src/main_app.c:184:6:CAN_Filter_Config	48	static
../Core/Src/main_app.c:209:6:GPIO_Init	40	static
../Core/Src/main_app.c:249:6:TIMER6_Init	8	static
../Core/Src/main_app.c:265:6:UART2_Init	8	static
../Core/Src/main_app.c:286:6:CAN1_Init	8	static
../Core/Src/main_app.c:323:6:HAL_CAN_TxMailbox0CompleteCallback	72	static
../Core/Src/main_app.c:336:6:HAL_CAN_TxMailbox1CompleteCallback	72	static
../Core/Src/main_app.c:349:6:HAL_CAN_TxMailbox2CompleteCallback	72	static
../Core/Src/main_app.c:362:6:HAL_CAN_RxFifo0MsgPendingCallback	80	static
../Core/Src/main_app.c:400:6:HAL_TIM_PeriodElapsedCallback	48	static
../Core/Src/main_app.c:429:6:LED_Manage_Output	16	static
../Core/Src/main_app.c:460:6:Send_response	48	static
../Core/Src/main_app.c:484:6:Error_handler	4	static
